// Jest Snapshot v1, https://goo.gl/fbAQLP

exports[`SignInForm render 1`] = `ShallowWrapper {}`;
